
> nexura-portal@0.0.0 dev
> vite


  [32m[1mVITE[22m v8.2.2[39m  [2mready in [0m[1m685[22m[2m[0m ms[22m

  [32m➜[39m  [1mLocal[22m:   [36mhttp://localhost:[1m5173[22m/[39m
[2m  [32m➜[39m  [1mNetwork[22m[2m: use [22m[1m--host[22m[2m to expose[22m
[2m3:55:14 PM[22m [36m[1m[vite][22m[39m [90m[2m(client)[22m[39m [32mhmr update [39m[2m/src/index.css, /src/context/AppContext.jsx, /src/pages/admin/ManageTasks.jsx, /src/pages/admin/Dashboard.jsx, /src/pages/admin/Students.jsx, /src/pages/admin/Submissions.jsx[22m
[2m3:55:14 PM[22m [36m[1m[vite][22m[39m [90m[2m(client)[22m[39m [32mhmr update [39m[2m/src/index.css, /src/context/AppContext.jsx, /src/pages/admin/ManageTasks.jsx, /src/pages/admin/Dashboard.jsx, /src/pages/admin/Students.jsx, /src/pages/admin/Submissions.jsx[22m
[2m3:55:14 PM[22m [36m[1m[vite][22m[39m [90m[2m(client)[22m[39m [33mhmr invalidate [39m[2m/src/context/AppContext.jsx[22m Could not Fast Refresh ("useApp" export is incompatible). Learn more at https://github.com/vitejs/vite-plugin-react/tree/main/packages/plugin-react#consistent-components-exports
[2m3:55:14 PM[22m [36m[1m[vite][22m[39m [90m[2m(client)[22m[39m [32mhmr update [39m[2m/src/App.jsx, /src/pages/student/MyTasks.jsx, /src/pages/student/Dashboard.jsx, /src/pages/public/Signup.jsx, /src/components/ProtectedRoute.jsx, /src/pages/public/Login.jsx, /src/components/Toast.jsx, /src/pages/student/TaskDetails.jsx, /src/pages/student/Notifications.jsx, /src/pages/student/SubmitTask.jsx, /src/pages/student/Profile.jsx, /src/pages/student/MySubmissions.jsx, /src/pages/admin/CreateTask.jsx, /src/pages/admin/ManageTasks.jsx, /src/pages/admin/Dashboard.jsx and 7 more[22m
[2m3:55:19 PM[22m [36m[1m[vite][22m[39m [90m[2m(client)[22m[39m [32mhmr update [39m[2m/src/index.css, /src/context/AppContext.jsx[22m
[2m3:55:19 PM[22m [36m[1m[vite][22m[39m [90m[2m(client)[22m[39m [33mhmr invalidate [39m[2m/src/context/AppContext.jsx[22m Could not Fast Refresh ("useApp" export is incompatible). Learn more at https://github.com/vitejs/vite-plugin-react/tree/main/packages/plugin-react#consistent-components-exports
[2m3:55:19 PM[22m [36m[1m[vite][22m[39m [90m[2m(client)[22m[39m [32mhmr update [39m[2m/src/App.jsx, /src/pages/student/MyTasks.jsx, /src/pages/student/Dashboard.jsx, /src/pages/public/Signup.jsx, /src/components/ProtectedRoute.jsx, /src/pages/public/Login.jsx, /src/components/Toast.jsx, /src/pages/student/TaskDetails.jsx, /src/pages/student/Notifications.jsx, /src/pages/student/SubmitTask.jsx, /src/pages/student/Profile.jsx, /src/pages/student/MySubmissions.jsx, /src/pages/admin/CreateTask.jsx, /src/pages/admin/ManageTasks.jsx, /src/pages/admin/Dashboard.jsx and 7 more[22m
[2m3:55:33 PM[22m [36m[1m[vite][22m[39m [90m[2m(client)[22m[39m [32mhmr update [39m[2m/src/index.css, /src/context/AppContext.jsx[22m
[2m3:55:33 PM[22m [36m[1m[vite][22m[39m [90m[2m(client)[22m[39m [33mhmr invalidate [39m[2m/src/context/AppContext.jsx[22m Could not Fast Refresh ("useApp" export is incompatible). Learn more at https://github.com/vitejs/vite-plugin-react/tree/main/packages/plugin-react#consistent-components-exports
[2m3:55:33 PM[22m [36m[1m[vite][22m[39m [90m[2m(client)[22m[39m [32mhmr update [39m[2m/src/App.jsx, /src/pages/student/MyTasks.jsx, /src/pages/student/Dashboard.jsx, /src/pages/public/Signup.jsx, /src/components/ProtectedRoute.jsx, /src/pages/public/Login.jsx, /src/components/Toast.jsx, /src/pages/student/TaskDetails.jsx, /src/pages/student/Notifications.jsx, /src/pages/student/SubmitTask.jsx, /src/pages/student/Profile.jsx, /src/pages/student/MySubmissions.jsx, /src/pages/admin/CreateTask.jsx, /src/pages/admin/ManageTasks.jsx, /src/pages/admin/Dashboard.jsx and 7 more[22m
[2m3:55:38 PM[22m [36m[1m[vite][22m[39m [90m[2m(client)[22m[39m [32mhmr update [39m[2m/src/index.css, /src/pages/public/Signup.jsx[22m
[2m3:59:09 PM[22m [36m[1m[vite][22m[39m [90m[2m(client)[22m[39m [32mhmr update [39m[2m/src/index.css, /src/context/AppContext.jsx[22m
[2m3:59:09 PM[22m [36m[1m[vite][22m[39m [90m[2m(client)[22m[39m [33mhmr invalidate [39m[2m/src/context/AppContext.jsx[22m Could not Fast Refresh ("useApp" export is incompatible). Learn more at https://github.com/vitejs/vite-plugin-react/tree/main/packages/plugin-react#consistent-components-exports
[2m3:59:09 PM[22m [36m[1m[vite][22m[39m [90m[2m(client)[22m[39m [32mhmr update [39m[2m/src/App.jsx, /src/pages/student/MyTasks.jsx, /src/pages/student/Dashboard.jsx, /src/pages/public/Signup.jsx, /src/components/ProtectedRoute.jsx, /src/pages/public/Login.jsx, /src/components/Toast.jsx, /src/pages/student/TaskDetails.jsx, /src/pages/student/Notifications.jsx, /src/pages/student/SubmitTask.jsx, /src/pages/student/Profile.jsx, /src/pages/student/MySubmissions.jsx, /src/pages/admin/CreateTask.jsx, /src/pages/admin/ManageTasks.jsx, /src/pages/admin/Dashboard.jsx and 7 more[22m
[2m4:04:01 PM[22m [36m[1m[vite][22m[39m [90m[2m(client)[22m[39m [32mhmr update [39m[2m/src/index.css, /src/context/AppContext.jsx[22m
[2m4:04:01 PM[22m [36m[1m[vite][22m[39m [90m[2m(client)[22m[39m [33mhmr invalidate [39m[2m/src/context/AppContext.jsx[22m Could not Fast Refresh ("useApp" export is incompatible). Learn more at https://github.com/vitejs/vite-plugin-react/tree/main/packages/plugin-react#consistent-components-exports
[2m4:04:01 PM[22m [36m[1m[vite][22m[39m [90m[2m(client)[22m[39m [32mhmr update [39m[2m/src/App.jsx, /src/pages/student/MyTasks.jsx, /src/pages/student/Dashboard.jsx, /src/pages/public/Signup.jsx, /src/components/ProtectedRoute.jsx, /src/pages/public/Login.jsx, /src/components/Toast.jsx, /src/pages/student/TaskDetails.jsx, /src/pages/student/Notifications.jsx, /src/pages/student/SubmitTask.jsx, /src/pages/student/Profile.jsx, /src/pages/student/MySubmissions.jsx, /src/pages/admin/CreateTask.jsx, /src/pages/admin/ManageTasks.jsx, /src/pages/admin/Dashboard.jsx and 7 more[22m
